Running C:\Github\LmsConnect-master

Name                           Value
----                           -----
timestamp                      2026-02-25T10:43:59-05:00
category                       ENVIRONMENT_ERROR
severity                       Info
component                      orchestrator
message                        Diagnostics initialized
filePath                       
details                        {[rootPath, C:\Github\LmsConnect-master], [outputPath, C:\Github\LmsConnect-master\docs]}
{
  "totalFiles": 548,
  "languages": {
    ".vsdx": 2,
    ".editorconfig": 1,
    ".txt": 2,
    ".npmrc": 1,
    ".csproj": 9,
    ".sln": 1,
    ".gitkeep": 1,
    ".sql": 12,
    ".resx": 1,
    ".css": 3,
    ".html": 38,
    ".ps1": 2,
    ".ts": 48,
    ".config": 26,
    ".cs": 270,
    ".gitignore": 1,
    ".scss": 3,
    ".svc": 1,
    ".defaults": 2,
    ".ico": 1,
    ".docx": 1,
    ".dotsettings": 1,
    ".md": 69,
    ".gitattributes": 1,
    ".json": 45,
    ".cshtml": 3,
    ".pubxml": 1,
    ".yml": 1,
    ".xml": 1
  },
  "directories": [
    "Common",
    "Common.Tests",
    "Docs",
    "Model",
    "Persistence",
    "Persistence.Tests",
    "ProcessingService",
    "ProcessingService.Tests",
    "Scripts",
    "Testing Tools",
    "Web",
    "Web.Tests",
    "Web.Ui"
  ],
  "services": [
    "Common",
    "Common.Tests",
    "Docs",
    "Persistence",
    "Persistence.Tests",
    "ProcessingService",
    "ProcessingService.Tests",
    "Web.Tests"
  ]
}
{
  "nodes": [],
  "edges": []
}
{
  "options": [],
  "flags": []
}

EXIT_CODE=0
